[0.000000] (-) TimerEvent: {}
[0.000235] (my_robot_bringup) JobQueued: {'identifier': 'my_robot_bringup', 'dependencies': OrderedDict()}
[0.000368] (my_robot_description) JobQueued: {'identifier': 'my_robot_description', 'dependencies': OrderedDict()}
[0.000388] (my_robot_bringup) JobStarted: {'identifier': 'my_robot_bringup'}
[0.004335] (my_robot_description) JobStarted: {'identifier': 'my_robot_description'}
[0.008396] (my_robot_bringup) JobProgress: {'identifier': 'my_robot_bringup', 'progress': 'cmake'}
[0.008628] (my_robot_bringup) Command: {'cmd': ['/usr/bin/cmake', '/home/kuba/ROS2_Gazebo/src/my_robot_bringup', '-DCMAKE_INSTALL_PREFIX=/home/kuba/ROS2_Gazebo/install/my_robot_bringup'], 'cwd': '/home/kuba/ROS2_Gazebo/build/my_robot_bringup', 'env': OrderedDict([('GJS_DEBUG_TOPICS', 'JS ERROR;JS LOG'), ('LESSOPEN', '| /usr/bin/lesspipe %s'), ('USER', 'kuba'), ('LC_TIME', 'pl_PL.UTF-8'), ('XDG_SESSION_TYPE', 'wayland'), ('SHLVL', '1'), ('LD_LIBRARY_PATH', '/opt/ros/humble/opt/rviz_ogre_vendor/lib:/opt/ros/humble/lib/x86_64-linux-gnu:/opt/ros/humble/lib:/usr/share/gazebo/../../lib/x86_64-linux-gnu/gazebo-11/plugins:'), ('HOME', '/home/kuba'), ('OLDPWD', '/home/kuba'), ('DESKTOP_SESSION', 'ubuntu'), ('GIO_LAUNCHED_DESKTOP_FILE', '/usr/share/applications/terminator.desktop'), ('GAZEBO_MASTER_URI', 'http://localhost:11345'), ('ROS_PYTHON_VERSION', '3'), ('GNOME_SHELL_SESSION_MODE', 'ubuntu'), ('GTK_MODULES', 'gail:atk-bridge'), ('LC_MONETARY', 'pl_PL.UTF-8'), ('MANAGERPID', '2072'), ('SYSTEMD_EXEC_PID', '2262'), ('DBUS_SESSION_BUS_ADDRESS', 'unix:path=/run/user/1000/bus'), ('COLORTERM', 'truecolor'), ('TERMINATOR_DBUS_NAME', 'net.tenshu.Terminator25ef4b219e3b005583550f2b0f9f990c3'), ('GIO_LAUNCHED_DESKTOP_FILE_PID', '9554'), ('IM_CONFIG_PHASE', '1'), ('WAYLAND_DISPLAY', 'wayland-0'), ('COLCON_PREFIX_PATH', '/home/kuba/ROS2_Gazebo/install:/home/kuba/install'), ('ROS_DISTRO', 'humble'), ('LOGNAME', 'kuba'), ('JOURNAL_STREAM', '8:36329'), ('_', '/usr/bin/colcon'), ('ROS_VERSION', '2'), ('XDG_SESSION_CLASS', 'user'), ('USERNAME', 'kuba'), ('TERM', 'xterm-256color'), ('GAZEBO_MODEL_PATH', '/usr/share/gazebo/../../share/gazebo-11/models:'), ('GNOME_DESKTOP_SESSION_ID', 'this-is-deprecated'), ('ROS_LOCALHOST_ONLY', '0'), ('OGRE_RESOURCE_PATH', '/usr/lib/x86_64-linux-gnu/OGRE-1.9.0'), ('PATH', '/opt/ros/humble/bin:/usr/local/sbin:/usr/local/bin:/usr/sbin:/usr/bin:/sbin:/bin:/usr/games:/usr/local/games:/snap/bin:/snap/bin'), ('SESSION_MANAGER', 'local/Kuba-Ubuntu:@/tmp/.ICE-unix/2240,unix/Kuba-Ubuntu:/tmp/.ICE-unix/2240'), ('INVOCATION_ID', 'eb4b7a0134204690a83473681fe95693'), ('XDG_MENU_PREFIX', 'gnome-'), ('LC_ADDRESS', 'pl_PL.UTF-8'), ('GNOME_SETUP_DISPLAY', ':1'), ('XDG_RUNTIME_DIR', '/run/user/1000'), ('DISPLAY', ':0'), ('TERMINATOR_DBUS_PATH', '/net/tenshu/Terminator2'), ('LANG', 'en_US.UTF-8'), ('XDG_CURRENT_DESKTOP', 'ubuntu:GNOME'), ('IBUS_DISABLE_SNOOPER', '1'), ('LC_TELEPHONE', 'pl_PL.UTF-8'), ('XMODIFIERS', '@im=ibus'), ('XDG_SESSION_DESKTOP', 'ubuntu'), ('XAUTHORITY', '/run/user/1000/.mutter-Xwaylandauth.YM3JS2'), ('LS_COLORS', 'rs=0:di=01;34:ln=01;36:mh=00:pi=40;33:so=01;35:do=01;35:bd=40;33;01:cd=40;33;01:or=40;31;01:mi=00:su=37;41:sg=30;43:ca=30;41:tw=30;42:ow=34;42:st=37;44:ex=01;32:*.tar=01;31:*.tgz=01;31:*.arc=01;31:*.arj=01;31:*.taz=01;31:*.lha=01;31:*.lz4=01;31:*.lzh=01;31:*.lzma=01;31:*.tlz=01;31:*.txz=01;31:*.tzo=01;31:*.t7z=01;31:*.zip=01;31:*.z=01;31:*.dz=01;31:*.gz=01;31:*.lrz=01;31:*.lz=01;31:*.lzo=01;31:*.xz=01;31:*.zst=01;31:*.tzst=01;31:*.bz2=01;31:*.bz=01;31:*.tbz=01;31:*.tbz2=01;31:*.tz=01;31:*.deb=01;31:*.rpm=01;31:*.jar=01;31:*.war=01;31:*.ear=01;31:*.sar=01;31:*.rar=01;31:*.alz=01;31:*.ace=01;31:*.zoo=01;31:*.cpio=01;31:*.7z=01;31:*.rz=01;31:*.cab=01;31:*.wim=01;31:*.swm=01;31:*.dwm=01;31:*.esd=01;31:*.jpg=01;35:*.jpeg=01;35:*.mjpg=01;35:*.mjpeg=01;35:*.gif=01;35:*.bmp=01;35:*.pbm=01;35:*.pgm=01;35:*.ppm=01;35:*.tga=01;35:*.xbm=01;35:*.xpm=01;35:*.tif=01;35:*.tiff=01;35:*.png=01;35:*.svg=01;35:*.svgz=01;35:*.mng=01;35:*.pcx=01;35:*.mov=01;35:*.mpg=01;35:*.mpeg=01;35:*.m2v=01;35:*.mkv=01;35:*.webm=01;35:*.webp=01;35:*.ogm=01;35:*.mp4=01;35:*.m4v=01;35:*.mp4v=01;35:*.vob=01;35:*.qt=01;35:*.nuv=01;35:*.wmv=01;35:*.asf=01;35:*.rm=01;35:*.rmvb=01;35:*.flc=01;35:*.avi=01;35:*.fli=01;35:*.flv=01;35:*.gl=01;35:*.dl=01;35:*.xcf=01;35:*.xwd=01;35:*.yuv=01;35:*.cgm=01;35:*.emf=01;35:*.ogv=01;35:*.ogx=01;35:*.aac=00;36:*.au=00;36:*.flac=00;36:*.m4a=00;36:*.mid=00;36:*.midi=00;36:*.mka=00;36:*.mp3=00;36:*.mpc=00;36:*.ogg=00;36:*.ra=00;36:*.wav=00;36:*.oga=00;36:*.opus=00;36:*.spx=00;36:*.xspf=00;36:'), ('SSH_AGENT_LAUNCHER', 'gnome-keyring'), ('SSH_AUTH_SOCK', '/run/user/1000/keyring/ssh'), ('AMENT_PREFIX_PATH', '/home/kuba/install/my_robot_description:/home/kuba/ROS2_Gazebo/install/my_robot_description:/opt/ros/humble'), ('SHELL', '/bin/bash'), ('LC_NAME', 'pl_PL.UTF-8'), ('TERMINATOR_UUID', 'urn:uuid:ae805e00-6d17-43fa-b7a7-3d2f785ad602'), ('QT_ACCESSIBILITY', '1'), ('GDMSESSION', 'ubuntu'), ('LESSCLOSE', '/usr/bin/lesspipe %s %s'), ('LC_MEASUREMENT', 'pl_PL.UTF-8'), ('GAZEBO_RESOURCE_PATH', '/usr/share/gazebo/../../share/gazebo-11:'), ('GJS_DEBUG_OUTPUT', 'stderr'), ('LC_IDENTIFICATION', 'pl_PL.UTF-8'), ('GAZEBO_MODEL_DATABASE_URI', 'http://models.gazebosim.org'), ('QT_IM_MODULE', 'ibus'), ('PWD', '/home/kuba/ROS2_Gazebo/build/my_robot_bringup'), ('XDG_CONFIG_DIRS', '/etc/xdg/xdg-ubuntu:/etc/xdg'), ('GAZEBO_PLUGIN_PATH', '/usr/share/gazebo/../../lib/x86_64-linux-gnu/gazebo-11/plugins:'), ('XDG_DATA_DIRS', '/usr/share/ubuntu:/usr/local/share/:/usr/share/:/var/lib/snapd/desktop'), ('PYTHONPATH', '/opt/ros/humble/lib/python3.10/site-packages:/opt/ros/humble/local/lib/python3.10/dist-packages'), ('LC_NUMERIC', 'pl_PL.UTF-8'), ('LC_PAPER', 'pl_PL.UTF-8'), ('COLCON', '1'), ('VTE_VERSION', '6800'), ('CMAKE_PREFIX_PATH', '/home/kuba/install/my_robot_description:/home/kuba/ROS2_Gazebo/install/my_robot_description')]), 'shell': False}
[0.012819] (my_robot_description) JobProgress: {'identifier': 'my_robot_description', 'progress': 'cmake'}
[0.013792] (my_robot_description) JobProgress: {'identifier': 'my_robot_description', 'progress': 'build'}
[0.014665] (my_robot_description) Command: {'cmd': ['/usr/bin/cmake', '--build', '/home/kuba/ROS2_Gazebo/build/my_robot_description', '--', '-j16', '-l16'], 'cwd': '/home/kuba/ROS2_Gazebo/build/my_robot_description', 'env': OrderedDict([('GJS_DEBUG_TOPICS', 'JS ERROR;JS LOG'), ('LESSOPEN', '| /usr/bin/lesspipe %s'), ('USER', 'kuba'), ('LC_TIME', 'pl_PL.UTF-8'), ('XDG_SESSION_TYPE', 'wayland'), ('SHLVL', '1'), ('LD_LIBRARY_PATH', '/opt/ros/humble/opt/rviz_ogre_vendor/lib:/opt/ros/humble/lib/x86_64-linux-gnu:/opt/ros/humble/lib:/usr/share/gazebo/../../lib/x86_64-linux-gnu/gazebo-11/plugins:'), ('HOME', '/home/kuba'), ('OLDPWD', '/home/kuba'), ('DESKTOP_SESSION', 'ubuntu'), ('GIO_LAUNCHED_DESKTOP_FILE', '/usr/share/applications/terminator.desktop'), ('GAZEBO_MASTER_URI', 'http://localhost:11345'), ('ROS_PYTHON_VERSION', '3'), ('GNOME_SHELL_SESSION_MODE', 'ubuntu'), ('GTK_MODULES', 'gail:atk-bridge'), ('LC_MONETARY', 'pl_PL.UTF-8'), ('MANAGERPID', '2072'), ('SYSTEMD_EXEC_PID', '2262'), ('DBUS_SESSION_BUS_ADDRESS', 'unix:path=/run/user/1000/bus'), ('COLORTERM', 'truecolor'), ('TERMINATOR_DBUS_NAME', 'net.tenshu.Terminator25ef4b219e3b005583550f2b0f9f990c3'), ('GIO_LAUNCHED_DESKTOP_FILE_PID', '9554'), ('IM_CONFIG_PHASE', '1'), ('WAYLAND_DISPLAY', 'wayland-0'), ('COLCON_PREFIX_PATH', '/home/kuba/ROS2_Gazebo/install:/home/kuba/install'), ('ROS_DISTRO', 'humble'), ('LOGNAME', 'kuba'), ('JOURNAL_STREAM', '8:36329'), ('_', '/usr/bin/colcon'), ('ROS_VERSION', '2'), ('XDG_SESSION_CLASS', 'user'), ('USERNAME', 'kuba'), ('TERM', 'xterm-256color'), ('GAZEBO_MODEL_PATH', '/usr/share/gazebo/../../share/gazebo-11/models:'), ('GNOME_DESKTOP_SESSION_ID', 'this-is-deprecated'), ('ROS_LOCALHOST_ONLY', '0'), ('OGRE_RESOURCE_PATH', '/usr/lib/x86_64-linux-gnu/OGRE-1.9.0'), ('PATH', '/opt/ros/humble/bin:/usr/local/sbin:/usr/local/bin:/usr/sbin:/usr/bin:/sbin:/bin:/usr/games:/usr/local/games:/snap/bin:/snap/bin'), ('SESSION_MANAGER', 'local/Kuba-Ubuntu:@/tmp/.ICE-unix/2240,unix/Kuba-Ubuntu:/tmp/.ICE-unix/2240'), ('INVOCATION_ID', 'eb4b7a0134204690a83473681fe95693'), ('XDG_MENU_PREFIX', 'gnome-'), ('LC_ADDRESS', 'pl_PL.UTF-8'), ('GNOME_SETUP_DISPLAY', ':1'), ('XDG_RUNTIME_DIR', '/run/user/1000'), ('DISPLAY', ':0'), ('TERMINATOR_DBUS_PATH', '/net/tenshu/Terminator2'), ('LANG', 'en_US.UTF-8'), ('XDG_CURRENT_DESKTOP', 'ubuntu:GNOME'), ('IBUS_DISABLE_SNOOPER', '1'), ('LC_TELEPHONE', 'pl_PL.UTF-8'), ('XMODIFIERS', '@im=ibus'), ('XDG_SESSION_DESKTOP', 'ubuntu'), ('XAUTHORITY', '/run/user/1000/.mutter-Xwaylandauth.YM3JS2'), ('LS_COLORS', 'rs=0:di=01;34:ln=01;36:mh=00:pi=40;33:so=01;35:do=01;35:bd=40;33;01:cd=40;33;01:or=40;31;01:mi=00:su=37;41:sg=30;43:ca=30;41:tw=30;42:ow=34;42:st=37;44:ex=01;32:*.tar=01;31:*.tgz=01;31:*.arc=01;31:*.arj=01;31:*.taz=01;31:*.lha=01;31:*.lz4=01;31:*.lzh=01;31:*.lzma=01;31:*.tlz=01;31:*.txz=01;31:*.tzo=01;31:*.t7z=01;31:*.zip=01;31:*.z=01;31:*.dz=01;31:*.gz=01;31:*.lrz=01;31:*.lz=01;31:*.lzo=01;31:*.xz=01;31:*.zst=01;31:*.tzst=01;31:*.bz2=01;31:*.bz=01;31:*.tbz=01;31:*.tbz2=01;31:*.tz=01;31:*.deb=01;31:*.rpm=01;31:*.jar=01;31:*.war=01;31:*.ear=01;31:*.sar=01;31:*.rar=01;31:*.alz=01;31:*.ace=01;31:*.zoo=01;31:*.cpio=01;31:*.7z=01;31:*.rz=01;31:*.cab=01;31:*.wim=01;31:*.swm=01;31:*.dwm=01;31:*.esd=01;31:*.jpg=01;35:*.jpeg=01;35:*.mjpg=01;35:*.mjpeg=01;35:*.gif=01;35:*.bmp=01;35:*.pbm=01;35:*.pgm=01;35:*.ppm=01;35:*.tga=01;35:*.xbm=01;35:*.xpm=01;35:*.tif=01;35:*.tiff=01;35:*.png=01;35:*.svg=01;35:*.svgz=01;35:*.mng=01;35:*.pcx=01;35:*.mov=01;35:*.mpg=01;35:*.mpeg=01;35:*.m2v=01;35:*.mkv=01;35:*.webm=01;35:*.webp=01;35:*.ogm=01;35:*.mp4=01;35:*.m4v=01;35:*.mp4v=01;35:*.vob=01;35:*.qt=01;35:*.nuv=01;35:*.wmv=01;35:*.asf=01;35:*.rm=01;35:*.rmvb=01;35:*.flc=01;35:*.avi=01;35:*.fli=01;35:*.flv=01;35:*.gl=01;35:*.dl=01;35:*.xcf=01;35:*.xwd=01;35:*.yuv=01;35:*.cgm=01;35:*.emf=01;35:*.ogv=01;35:*.ogx=01;35:*.aac=00;36:*.au=00;36:*.flac=00;36:*.m4a=00;36:*.mid=00;36:*.midi=00;36:*.mka=00;36:*.mp3=00;36:*.mpc=00;36:*.ogg=00;36:*.ra=00;36:*.wav=00;36:*.oga=00;36:*.opus=00;36:*.spx=00;36:*.xspf=00;36:'), ('SSH_AGENT_LAUNCHER', 'gnome-keyring'), ('SSH_AUTH_SOCK', '/run/user/1000/keyring/ssh'), ('AMENT_PREFIX_PATH', '/home/kuba/install/my_robot_description:/home/kuba/ROS2_Gazebo/install/my_robot_description:/opt/ros/humble'), ('SHELL', '/bin/bash'), ('LC_NAME', 'pl_PL.UTF-8'), ('TERMINATOR_UUID', 'urn:uuid:ae805e00-6d17-43fa-b7a7-3d2f785ad602'), ('QT_ACCESSIBILITY', '1'), ('GDMSESSION', 'ubuntu'), ('LESSCLOSE', '/usr/bin/lesspipe %s %s'), ('LC_MEASUREMENT', 'pl_PL.UTF-8'), ('GAZEBO_RESOURCE_PATH', '/usr/share/gazebo/../../share/gazebo-11:'), ('GJS_DEBUG_OUTPUT', 'stderr'), ('LC_IDENTIFICATION', 'pl_PL.UTF-8'), ('GAZEBO_MODEL_DATABASE_URI', 'http://models.gazebosim.org'), ('QT_IM_MODULE', 'ibus'), ('PWD', '/home/kuba/ROS2_Gazebo/build/my_robot_description'), ('XDG_CONFIG_DIRS', '/etc/xdg/xdg-ubuntu:/etc/xdg'), ('GAZEBO_PLUGIN_PATH', '/usr/share/gazebo/../../lib/x86_64-linux-gnu/gazebo-11/plugins:'), ('XDG_DATA_DIRS', '/usr/share/ubuntu:/usr/local/share/:/usr/share/:/var/lib/snapd/desktop'), ('PYTHONPATH', '/opt/ros/humble/lib/python3.10/site-packages:/opt/ros/humble/local/lib/python3.10/dist-packages'), ('LC_NUMERIC', 'pl_PL.UTF-8'), ('LC_PAPER', 'pl_PL.UTF-8'), ('COLCON', '1'), ('VTE_VERSION', '6800'), ('CMAKE_PREFIX_PATH', '/home/kuba/install/my_robot_description:/home/kuba/ROS2_Gazebo/install/my_robot_description:/opt/ros/humble')]), 'shell': False}
[0.045713] (my_robot_description) CommandEnded: {'returncode': 0}
[0.051757] (my_robot_bringup) StdoutLine: {'line': b'-- The C compiler identification is GNU 11.4.0\n'}
[0.059944] (my_robot_description) JobProgress: {'identifier': 'my_robot_description', 'progress': 'install'}
[0.066126] (my_robot_description) Command: {'cmd': ['/usr/bin/cmake', '--install', '/home/kuba/ROS2_Gazebo/build/my_robot_description'], 'cwd': '/home/kuba/ROS2_Gazebo/build/my_robot_description', 'env': OrderedDict([('GJS_DEBUG_TOPICS', 'JS ERROR;JS LOG'), ('LESSOPEN', '| /usr/bin/lesspipe %s'), ('USER', 'kuba'), ('LC_TIME', 'pl_PL.UTF-8'), ('XDG_SESSION_TYPE', 'wayland'), ('SHLVL', '1'), ('LD_LIBRARY_PATH', '/opt/ros/humble/opt/rviz_ogre_vendor/lib:/opt/ros/humble/lib/x86_64-linux-gnu:/opt/ros/humble/lib:/usr/share/gazebo/../../lib/x86_64-linux-gnu/gazebo-11/plugins:'), ('HOME', '/home/kuba'), ('OLDPWD', '/home/kuba'), ('DESKTOP_SESSION', 'ubuntu'), ('GIO_LAUNCHED_DESKTOP_FILE', '/usr/share/applications/terminator.desktop'), ('GAZEBO_MASTER_URI', 'http://localhost:11345'), ('ROS_PYTHON_VERSION', '3'), ('GNOME_SHELL_SESSION_MODE', 'ubuntu'), ('GTK_MODULES', 'gail:atk-bridge'), ('LC_MONETARY', 'pl_PL.UTF-8'), ('MANAGERPID', '2072'), ('SYSTEMD_EXEC_PID', '2262'), ('DBUS_SESSION_BUS_ADDRESS', 'unix:path=/run/user/1000/bus'), ('COLORTERM', 'truecolor'), ('TERMINATOR_DBUS_NAME', 'net.tenshu.Terminator25ef4b219e3b005583550f2b0f9f990c3'), ('GIO_LAUNCHED_DESKTOP_FILE_PID', '9554'), ('IM_CONFIG_PHASE', '1'), ('WAYLAND_DISPLAY', 'wayland-0'), ('COLCON_PREFIX_PATH', '/home/kuba/ROS2_Gazebo/install:/home/kuba/install'), ('ROS_DISTRO', 'humble'), ('LOGNAME', 'kuba'), ('JOURNAL_STREAM', '8:36329'), ('_', '/usr/bin/colcon'), ('ROS_VERSION', '2'), ('XDG_SESSION_CLASS', 'user'), ('USERNAME', 'kuba'), ('TERM', 'xterm-256color'), ('GAZEBO_MODEL_PATH', '/usr/share/gazebo/../../share/gazebo-11/models:'), ('GNOME_DESKTOP_SESSION_ID', 'this-is-deprecated'), ('ROS_LOCALHOST_ONLY', '0'), ('OGRE_RESOURCE_PATH', '/usr/lib/x86_64-linux-gnu/OGRE-1.9.0'), ('PATH', '/opt/ros/humble/bin:/usr/local/sbin:/usr/local/bin:/usr/sbin:/usr/bin:/sbin:/bin:/usr/games:/usr/local/games:/snap/bin:/snap/bin'), ('SESSION_MANAGER', 'local/Kuba-Ubuntu:@/tmp/.ICE-unix/2240,unix/Kuba-Ubuntu:/tmp/.ICE-unix/2240'), ('INVOCATION_ID', 'eb4b7a0134204690a83473681fe95693'), ('XDG_MENU_PREFIX', 'gnome-'), ('LC_ADDRESS', 'pl_PL.UTF-8'), ('GNOME_SETUP_DISPLAY', ':1'), ('XDG_RUNTIME_DIR', '/run/user/1000'), ('DISPLAY', ':0'), ('TERMINATOR_DBUS_PATH', '/net/tenshu/Terminator2'), ('LANG', 'en_US.UTF-8'), ('XDG_CURRENT_DESKTOP', 'ubuntu:GNOME'), ('IBUS_DISABLE_SNOOPER', '1'), ('LC_TELEPHONE', 'pl_PL.UTF-8'), ('XMODIFIERS', '@im=ibus'), ('XDG_SESSION_DESKTOP', 'ubuntu'), ('XAUTHORITY', '/run/user/1000/.mutter-Xwaylandauth.YM3JS2'), ('LS_COLORS', 'rs=0:di=01;34:ln=01;36:mh=00:pi=40;33:so=01;35:do=01;35:bd=40;33;01:cd=40;33;01:or=40;31;01:mi=00:su=37;41:sg=30;43:ca=30;41:tw=30;42:ow=34;42:st=37;44:ex=01;32:*.tar=01;31:*.tgz=01;31:*.arc=01;31:*.arj=01;31:*.taz=01;31:*.lha=01;31:*.lz4=01;31:*.lzh=01;31:*.lzma=01;31:*.tlz=01;31:*.txz=01;31:*.tzo=01;31:*.t7z=01;31:*.zip=01;31:*.z=01;31:*.dz=01;31:*.gz=01;31:*.lrz=01;31:*.lz=01;31:*.lzo=01;31:*.xz=01;31:*.zst=01;31:*.tzst=01;31:*.bz2=01;31:*.bz=01;31:*.tbz=01;31:*.tbz2=01;31:*.tz=01;31:*.deb=01;31:*.rpm=01;31:*.jar=01;31:*.war=01;31:*.ear=01;31:*.sar=01;31:*.rar=01;31:*.alz=01;31:*.ace=01;31:*.zoo=01;31:*.cpio=01;31:*.7z=01;31:*.rz=01;31:*.cab=01;31:*.wim=01;31:*.swm=01;31:*.dwm=01;31:*.esd=01;31:*.jpg=01;35:*.jpeg=01;35:*.mjpg=01;35:*.mjpeg=01;35:*.gif=01;35:*.bmp=01;35:*.pbm=01;35:*.pgm=01;35:*.ppm=01;35:*.tga=01;35:*.xbm=01;35:*.xpm=01;35:*.tif=01;35:*.tiff=01;35:*.png=01;35:*.svg=01;35:*.svgz=01;35:*.mng=01;35:*.pcx=01;35:*.mov=01;35:*.mpg=01;35:*.mpeg=01;35:*.m2v=01;35:*.mkv=01;35:*.webm=01;35:*.webp=01;35:*.ogm=01;35:*.mp4=01;35:*.m4v=01;35:*.mp4v=01;35:*.vob=01;35:*.qt=01;35:*.nuv=01;35:*.wmv=01;35:*.asf=01;35:*.rm=01;35:*.rmvb=01;35:*.flc=01;35:*.avi=01;35:*.fli=01;35:*.flv=01;35:*.gl=01;35:*.dl=01;35:*.xcf=01;35:*.xwd=01;35:*.yuv=01;35:*.cgm=01;35:*.emf=01;35:*.ogv=01;35:*.ogx=01;35:*.aac=00;36:*.au=00;36:*.flac=00;36:*.m4a=00;36:*.mid=00;36:*.midi=00;36:*.mka=00;36:*.mp3=00;36:*.mpc=00;36:*.ogg=00;36:*.ra=00;36:*.wav=00;36:*.oga=00;36:*.opus=00;36:*.spx=00;36:*.xspf=00;36:'), ('SSH_AGENT_LAUNCHER', 'gnome-keyring'), ('SSH_AUTH_SOCK', '/run/user/1000/keyring/ssh'), ('AMENT_PREFIX_PATH', '/home/kuba/install/my_robot_description:/home/kuba/ROS2_Gazebo/install/my_robot_description:/opt/ros/humble'), ('SHELL', '/bin/bash'), ('LC_NAME', 'pl_PL.UTF-8'), ('TERMINATOR_UUID', 'urn:uuid:ae805e00-6d17-43fa-b7a7-3d2f785ad602'), ('QT_ACCESSIBILITY', '1'), ('GDMSESSION', 'ubuntu'), ('LESSCLOSE', '/usr/bin/lesspipe %s %s'), ('LC_MEASUREMENT', 'pl_PL.UTF-8'), ('GAZEBO_RESOURCE_PATH', '/usr/share/gazebo/../../share/gazebo-11:'), ('GJS_DEBUG_OUTPUT', 'stderr'), ('LC_IDENTIFICATION', 'pl_PL.UTF-8'), ('GAZEBO_MODEL_DATABASE_URI', 'http://models.gazebosim.org'), ('QT_IM_MODULE', 'ibus'), ('PWD', '/home/kuba/ROS2_Gazebo/build/my_robot_description'), ('XDG_CONFIG_DIRS', '/etc/xdg/xdg-ubuntu:/etc/xdg'), ('GAZEBO_PLUGIN_PATH', '/usr/share/gazebo/../../lib/x86_64-linux-gnu/gazebo-11/plugins:'), ('XDG_DATA_DIRS', '/usr/share/ubuntu:/usr/local/share/:/usr/share/:/var/lib/snapd/desktop'), ('PYTHONPATH', '/opt/ros/humble/lib/python3.10/site-packages:/opt/ros/humble/local/lib/python3.10/dist-packages'), ('LC_NUMERIC', 'pl_PL.UTF-8'), ('LC_PAPER', 'pl_PL.UTF-8'), ('COLCON', '1'), ('VTE_VERSION', '6800'), ('CMAKE_PREFIX_PATH', '/home/kuba/install/my_robot_description:/home/kuba/ROS2_Gazebo/install/my_robot_description:/opt/ros/humble')]), 'shell': False}
[0.072346] (my_robot_description) StdoutLine: {'line': b'-- Install configuration: ""\n'}
[0.072740] (my_robot_description) StdoutLine: {'line': b'-- Execute custom install script\n'}
[0.073079] (my_robot_description) StdoutLine: {'line': b'-- Up-to-date symlink: /home/kuba/ROS2_Gazebo/install/my_robot_description/share/my_robot_description//urdf/common_properties.urdf.xacro\n'}
[0.073277] (my_robot_description) StdoutLine: {'line': b'-- Up-to-date symlink: /home/kuba/ROS2_Gazebo/install/my_robot_description/share/my_robot_description//urdf/mobile_base.urdf.xacro\n'}
[0.073498] (my_robot_description) StdoutLine: {'line': b'-- Up-to-date symlink: /home/kuba/ROS2_Gazebo/install/my_robot_description/share/my_robot_description//urdf/my_robot.urdf.xacro\n'}
[0.073702] (my_robot_description) StdoutLine: {'line': b'-- Up-to-date symlink: /home/kuba/ROS2_Gazebo/install/my_robot_description/share/my_robot_description//launch/display.launch.xml\n'}
[0.073935] (my_robot_description) StdoutLine: {'line': b'-- Up-to-date symlink: /home/kuba/ROS2_Gazebo/install/my_robot_description/share/my_robot_description//rviz/urdf_config.rviz\n'}
[0.074161] (my_robot_description) StdoutLine: {'line': b'-- Up-to-date symlink: /home/kuba/ROS2_Gazebo/install/my_robot_description/share/ament_index/resource_index/package_run_dependencies/my_robot_description\n'}
[0.074303] (my_robot_description) StdoutLine: {'line': b'-- Up-to-date symlink: /home/kuba/ROS2_Gazebo/install/my_robot_description/share/ament_index/resource_index/parent_prefix_path/my_robot_description\n'}
[0.074412] (my_robot_description) StdoutLine: {'line': b'-- Up-to-date symlink: /home/kuba/ROS2_Gazebo/install/my_robot_description/share/my_robot_description/environment/ament_prefix_path.sh\n'}
[0.074560] (my_robot_description) StdoutLine: {'line': b'-- Up-to-date symlink: /home/kuba/ROS2_Gazebo/install/my_robot_description/share/my_robot_description/environment/ament_prefix_path.dsv\n'}
[0.074671] (my_robot_description) StdoutLine: {'line': b'-- Up-to-date symlink: /home/kuba/ROS2_Gazebo/install/my_robot_description/share/my_robot_description/environment/path.sh\n'}
[0.074784] (my_robot_description) StdoutLine: {'line': b'-- Up-to-date symlink: /home/kuba/ROS2_Gazebo/install/my_robot_description/share/my_robot_description/environment/path.dsv\n'}
[0.074896] (my_robot_description) StdoutLine: {'line': b'-- Up-to-date symlink: /home/kuba/ROS2_Gazebo/install/my_robot_description/share/my_robot_description/local_setup.bash\n'}
[0.075007] (my_robot_description) StdoutLine: {'line': b'-- Up-to-date symlink: /home/kuba/ROS2_Gazebo/install/my_robot_description/share/my_robot_description/local_setup.sh\n'}
[0.075117] (my_robot_description) StdoutLine: {'line': b'-- Up-to-date symlink: /home/kuba/ROS2_Gazebo/install/my_robot_description/share/my_robot_description/local_setup.zsh\n'}
[0.075223] (my_robot_description) StdoutLine: {'line': b'-- Up-to-date symlink: /home/kuba/ROS2_Gazebo/install/my_robot_description/share/my_robot_description/local_setup.dsv\n'}
[0.075305] (my_robot_description) StdoutLine: {'line': b'-- Symlinking: /home/kuba/ROS2_Gazebo/install/my_robot_description/share/my_robot_description/package.dsv\n'}
[0.082254] (my_robot_description) StdoutLine: {'line': b'-- Up-to-date symlink: /home/kuba/ROS2_Gazebo/install/my_robot_description/share/ament_index/resource_index/packages/my_robot_description\n'}
[0.082405] (my_robot_description) StdoutLine: {'line': b'-- Up-to-date symlink: /home/kuba/ROS2_Gazebo/install/my_robot_description/share/my_robot_description/cmake/my_robot_descriptionConfig.cmake\n'}
[0.082500] (my_robot_description) StdoutLine: {'line': b'-- Up-to-date symlink: /home/kuba/ROS2_Gazebo/install/my_robot_description/share/my_robot_description/cmake/my_robot_descriptionConfig-version.cmake\n'}
[0.082584] (my_robot_description) StdoutLine: {'line': b'-- Up-to-date symlink: /home/kuba/ROS2_Gazebo/install/my_robot_description/share/my_robot_description/package.xml\n'}
[0.083842] (my_robot_description) CommandEnded: {'returncode': 0}
[0.096349] (my_robot_bringup) StdoutLine: {'line': b'-- The CXX compiler identification is GNU 11.4.0\n'}
[0.099564] (-) TimerEvent: {}
[0.101993] (my_robot_bringup) StdoutLine: {'line': b'-- Detecting C compiler ABI info\n'}
[0.117286] (my_robot_description) JobEnded: {'identifier': 'my_robot_description', 'rc': 0}
[0.153340] (my_robot_bringup) StdoutLine: {'line': b'-- Detecting C compiler ABI info - done\n'}
[0.161330] (my_robot_bringup) StdoutLine: {'line': b'-- Check for working C compiler: /usr/bin/cc - skipped\n'}
[0.161547] (my_robot_bringup) StdoutLine: {'line': b'-- Detecting C compile features\n'}
[0.162016] (my_robot_bringup) StdoutLine: {'line': b'-- Detecting C compile features - done\n'}
[0.164937] (my_robot_bringup) StdoutLine: {'line': b'-- Detecting CXX compiler ABI info\n'}
[0.199653] (-) TimerEvent: {}
[0.224201] (my_robot_bringup) StdoutLine: {'line': b'-- Detecting CXX compiler ABI info - done\n'}
[0.232461] (my_robot_bringup) StdoutLine: {'line': b'-- Check for working CXX compiler: /usr/bin/c++ - skipped\n'}
[0.232675] (my_robot_bringup) StdoutLine: {'line': b'-- Detecting CXX compile features\n'}
[0.233263] (my_robot_bringup) StdoutLine: {'line': b'-- Detecting CXX compile features - done\n'}
[0.235526] (my_robot_bringup) StdoutLine: {'line': b'-- Found ament_cmake: 1.3.9 (/opt/ros/humble/share/ament_cmake/cmake)\n'}
[0.299764] (-) TimerEvent: {}
[0.344778] (my_robot_bringup) StdoutLine: {'line': b'-- Found Python3: /usr/bin/python3 (found version "3.10.12") found components: Interpreter \n'}
[0.399852] (-) TimerEvent: {}
[0.468047] (my_robot_bringup) StderrLine: {'line': b"Error parsing '/home/kuba/ROS2_Gazebo/src/my_robot_bringup/package.xml':\n"}
[0.499979] (-) TimerEvent: {}
[0.501999] (my_robot_bringup) StderrLine: {'line': b'Traceback (most recent call last):\n'}
[0.502145] (my_robot_bringup) StderrLine: {'line': b'  File "/usr/lib/python3/dist-packages/catkin_pkg/package.py", line 610, in parse_package_string\n'}
[0.504306] (my_robot_bringup) StderrLine: {'line': b'    root = dom.parseString(data)\n'}
[0.504393] (my_robot_bringup) StderrLine: {'line': b'  File "/usr/lib/python3.10/xml/dom/minidom.py", line 2000, in parseString\n'}
[0.505060] (my_robot_bringup) StderrLine: {'line': b'    return expatbuilder.parseString(string)\n'}
[0.505141] (my_robot_bringup) StderrLine: {'line': b'  File "/usr/lib/python3.10/xml/dom/expatbuilder.py", line 925, in parseString\n'}
[0.505313] (my_robot_bringup) StderrLine: {'line': b'    return builder.parseString(string)\n'}
[0.505392] (my_robot_bringup) StderrLine: {'line': b'  File "/usr/lib/python3.10/xml/dom/expatbuilder.py", line 223, in parseString\n'}
[0.505449] (my_robot_bringup) StderrLine: {'line': b'    parser.Parse(string, True)\n'}
[0.505503] (my_robot_bringup) StderrLine: {'line': b'xml.parsers.expat.ExpatError: mismatched tag: line 23, column 2\n'}
[0.505557] (my_robot_bringup) StderrLine: {'line': b'\n'}
[0.505699] (my_robot_bringup) StderrLine: {'line': b'During handling of the above exception, another exception occurred:\n'}
[0.505802] (my_robot_bringup) StderrLine: {'line': b'\n'}
[0.505900] (my_robot_bringup) StderrLine: {'line': b'Traceback (most recent call last):\n'}
[0.505973] (my_robot_bringup) StderrLine: {'line': b'  File "/opt/ros/humble/share/ament_cmake_core/cmake/core/package_xml_2_cmake.py", line 150, in <module>\n'}
[0.506035] (my_robot_bringup) StderrLine: {'line': b'    main()\n'}
[0.506112] (my_robot_bringup) StderrLine: {'line': b'  File "/opt/ros/humble/share/ament_cmake_core/cmake/core/package_xml_2_cmake.py", line 53, in main\n'}
[0.506165] (my_robot_bringup) StderrLine: {'line': b'    raise e\n'}
[0.506233] (my_robot_bringup) StderrLine: {'line': b'  File "/opt/ros/humble/share/ament_cmake_core/cmake/core/package_xml_2_cmake.py", line 49, in main\n'}
[0.506327] (my_robot_bringup) StderrLine: {'line': b'    package = parse_package_string(\n'}
[0.506375] (my_robot_bringup) StderrLine: {'line': b'  File "/usr/lib/python3/dist-packages/catkin_pkg/package.py", line 612, in parse_package_string\n'}
[0.506422] (my_robot_bringup) StderrLine: {'line': b"    raise InvalidPackage('The manifest contains invalid XML:\\n%s' % ex, filename)\n"}
[0.506471] (my_robot_bringup) StderrLine: {'line': b"catkin_pkg.package.InvalidPackage: Error(s) in package '/home/kuba/ROS2_Gazebo/src/my_robot_bringup/package.xml':\n"}
[0.506520] (my_robot_bringup) StderrLine: {'line': b'The manifest contains invalid XML:\n'}
[0.506568] (my_robot_bringup) StderrLine: {'line': b'mismatched tag: line 23, column 2\n'}
[0.516432] (my_robot_bringup) StderrLine: {'line': b'\x1b[31mCMake Error at /opt/ros/humble/share/ament_cmake_core/cmake/core/ament_package_xml.cmake:95 (message):\n'}
[0.516586] (my_robot_bringup) StderrLine: {'line': b'  execute_process(/usr/bin/python3\n'}
[0.516651] (my_robot_bringup) StderrLine: {'line': b'  /opt/ros/humble/share/ament_cmake_core/cmake/core/package_xml_2_cmake.py\n'}
[0.516707] (my_robot_bringup) StderrLine: {'line': b'  /home/kuba/ROS2_Gazebo/src/my_robot_bringup/package.xml\n'}
[0.516762] (my_robot_bringup) StderrLine: {'line': b'  /home/kuba/ROS2_Gazebo/build/my_robot_bringup/ament_cmake_core/package.cmake)\n'}
[0.516816] (my_robot_bringup) StderrLine: {'line': b'  returned error code 1\n'}
[0.516868] (my_robot_bringup) StderrLine: {'line': b'Call Stack (most recent call first):\n'}
[0.516920] (my_robot_bringup) StderrLine: {'line': b'  /opt/ros/humble/share/ament_cmake_core/cmake/core/ament_package_xml.cmake:49 (_ament_package_xml)\n'}
[0.516972] (my_robot_bringup) StderrLine: {'line': b'  /opt/ros/humble/share/ament_cmake_core/cmake/core/ament_package.cmake:63 (ament_package_xml)\n'}
[0.517024] (my_robot_bringup) StderrLine: {'line': b'  CMakeLists.txt:15 (ament_package)\n'}
[0.517074] (my_robot_bringup) StderrLine: {'line': b'\n'}
[0.517124] (my_robot_bringup) StderrLine: {'line': b'\x1b[0m\n'}
[0.517244] (my_robot_bringup) StdoutLine: {'line': b'-- Configuring incomplete, errors occurred!\n'}
[0.517339] (my_robot_bringup) StdoutLine: {'line': b'See also "/home/kuba/ROS2_Gazebo/build/my_robot_bringup/CMakeFiles/CMakeOutput.log".\n'}
[0.519832] (my_robot_bringup) CommandEnded: {'returncode': 1}
[0.520430] (my_robot_bringup) JobEnded: {'identifier': 'my_robot_bringup', 'rc': 1}
[0.530933] (-) EventReactorShutdown: {}
