[0.010s] Invoking command in '/home/kuba/ROS2_Gazebo/build/my_robot_bringup': /usr/bin/cmake /home/kuba/ROS2_Gazebo/src/my_robot_bringup -DCMAKE_INSTALL_PREFIX=/home/kuba/ROS2_Gazebo/install/my_robot_bringup
[0.020s] -- Found ament_cmake: 1.3.9 (/opt/ros/humble/share/ament_cmake/cmake)
[0.163s] Error parsing '/home/kuba/ROS2_Gazebo/src/my_robot_bringup/package.xml':
[0.196s] Traceback (most recent call last):
[0.197s]   File "/usr/lib/python3/dist-packages/catkin_pkg/package.py", line 610, in parse_package_string
[0.197s]     root = dom.parseString(data)
[0.197s]   File "/usr/lib/python3.10/xml/dom/minidom.py", line 2000, in parseString
[0.197s]     return expatbuilder.parseString(string)
[0.197s]   File "/usr/lib/python3.10/xml/dom/expatbuilder.py", line 925, in parseString
[0.197s]     return builder.parseString(string)
[0.197s]   File "/usr/lib/python3.10/xml/dom/expatbuilder.py", line 223, in parseString
[0.198s]     parser.Parse(string, True)
[0.198s] xml.parsers.expat.ExpatError: not well-formed (invalid token): line 13, column 49
[0.198s] 
[0.198s] During handling of the above exception, another exception occurred:
[0.198s] 
[0.198s] Traceback (most recent call last):
[0.198s]   File "/opt/ros/humble/share/ament_cmake_core/cmake/core/package_xml_2_cmake.py", line 150, in <module>
[0.198s]     main()
[0.198s]   File "/opt/ros/humble/share/ament_cmake_core/cmake/core/package_xml_2_cmake.py", line 53, in main
[0.198s]     raise e
[0.198s]   File "/opt/ros/humble/share/ament_cmake_core/cmake/core/package_xml_2_cmake.py", line 49, in main
[0.198s]     package = parse_package_string(
[0.198s]   File "/usr/lib/python3/dist-packages/catkin_pkg/package.py", line 612, in parse_package_string
[0.198s]     raise InvalidPackage('The manifest contains invalid XML:\n%s' % ex, filename)
[0.198s] catkin_pkg.package.InvalidPackage: Error(s) in package '/home/kuba/ROS2_Gazebo/src/my_robot_bringup/package.xml':
[0.198s] The manifest contains invalid XML:
[0.198s] not well-formed (invalid token): line 13, column 49
[0.208s] [31mCMake Error at /opt/ros/humble/share/ament_cmake_core/cmake/core/ament_package_xml.cmake:95 (message):
[0.208s]   execute_process(/usr/bin/python3
[0.208s]   /opt/ros/humble/share/ament_cmake_core/cmake/core/package_xml_2_cmake.py
[0.208s]   /home/kuba/ROS2_Gazebo/src/my_robot_bringup/package.xml
[0.208s]   /home/kuba/ROS2_Gazebo/build/my_robot_bringup/ament_cmake_core/package.cmake)
[0.208s]   returned error code 1
[0.208s] Call Stack (most recent call first):
[0.208s]   /opt/ros/humble/share/ament_cmake_core/cmake/core/ament_package_xml.cmake:49 (_ament_package_xml)
[0.208s]   /opt/ros/humble/share/ament_cmake_core/cmake/core/ament_package.cmake:63 (ament_package_xml)
[0.208s]   CMakeLists.txt:15 (ament_package)
[0.208s] 
[0.208s] [0m
[0.208s] -- Configuring incomplete, errors occurred!
[0.208s] See also "/home/kuba/ROS2_Gazebo/build/my_robot_bringup/CMakeFiles/CMakeOutput.log".
[0.211s] Invoked command in '/home/kuba/ROS2_Gazebo/build/my_robot_bringup' returned '1': /usr/bin/cmake /home/kuba/ROS2_Gazebo/src/my_robot_bringup -DCMAKE_INSTALL_PREFIX=/home/kuba/ROS2_Gazebo/install/my_robot_bringup
