[0.010s] Invoking command in '/home/kuba/ROS2_Gazebo/build/my_robot_bringup': /usr/bin/cmake /home/kuba/ROS2_Gazebo/src/my_robot_bringup -DCMAKE_INSTALL_PREFIX=/home/kuba/ROS2_Gazebo/install/my_robot_bringup
[0.051s] -- The C compiler identification is GNU 11.4.0
[0.096s] -- The CXX compiler identification is GNU 11.4.0
[0.102s] -- Detecting C compiler ABI info
[0.153s] -- Detecting C compiler ABI info - done
[0.161s] -- Check for working C compiler: /usr/bin/cc - skipped
[0.161s] -- Detecting C compile features
[0.162s] -- Detecting C compile features - done
[0.165s] -- Detecting CXX compiler ABI info
[0.224s] -- Detecting CXX compiler ABI info - done
[0.232s] -- Check for working CXX compiler: /usr/bin/c++ - skipped
[0.232s] -- Detecting CXX compile features
[0.233s] -- Detecting CXX compile features - done
[0.235s] -- Found ament_cmake: 1.3.9 (/opt/ros/humble/share/ament_cmake/cmake)
[0.344s] -- Found Python3: /usr/bin/python3 (found version "3.10.12") found components: Interpreter 
[0.468s] Error parsing '/home/kuba/ROS2_Gazebo/src/my_robot_bringup/package.xml':
[0.502s] Traceback (most recent call last):
[0.502s]   File "/usr/lib/python3/dist-packages/catkin_pkg/package.py", line 610, in parse_package_string
[0.504s]     root = dom.parseString(data)
[0.504s]   File "/usr/lib/python3.10/xml/dom/minidom.py", line 2000, in parseString
[0.505s]     return expatbuilder.parseString(string)
[0.505s]   File "/usr/lib/python3.10/xml/dom/expatbuilder.py", line 925, in parseString
[0.505s]     return builder.parseString(string)
[0.505s]   File "/usr/lib/python3.10/xml/dom/expatbuilder.py", line 223, in parseString
[0.505s]     parser.Parse(string, True)
[0.505s] xml.parsers.expat.ExpatError: mismatched tag: line 23, column 2
[0.505s] 
[0.505s] During handling of the above exception, another exception occurred:
[0.505s] 
[0.505s] Traceback (most recent call last):
[0.506s]   File "/opt/ros/humble/share/ament_cmake_core/cmake/core/package_xml_2_cmake.py", line 150, in <module>
[0.506s]     main()
[0.506s]   File "/opt/ros/humble/share/ament_cmake_core/cmake/core/package_xml_2_cmake.py", line 53, in main
[0.506s]     raise e
[0.506s]   File "/opt/ros/humble/share/ament_cmake_core/cmake/core/package_xml_2_cmake.py", line 49, in main
[0.506s]     package = parse_package_string(
[0.506s]   File "/usr/lib/python3/dist-packages/catkin_pkg/package.py", line 612, in parse_package_string
[0.506s]     raise InvalidPackage('The manifest contains invalid XML:\n%s' % ex, filename)
[0.506s] catkin_pkg.package.InvalidPackage: Error(s) in package '/home/kuba/ROS2_Gazebo/src/my_robot_bringup/package.xml':
[0.506s] The manifest contains invalid XML:
[0.506s] mismatched tag: line 23, column 2
[0.516s] [31mCMake Error at /opt/ros/humble/share/ament_cmake_core/cmake/core/ament_package_xml.cmake:95 (message):
[0.516s]   execute_process(/usr/bin/python3
[0.516s]   /opt/ros/humble/share/ament_cmake_core/cmake/core/package_xml_2_cmake.py
[0.516s]   /home/kuba/ROS2_Gazebo/src/my_robot_bringup/package.xml
[0.516s]   /home/kuba/ROS2_Gazebo/build/my_robot_bringup/ament_cmake_core/package.cmake)
[0.516s]   returned error code 1
[0.516s] Call Stack (most recent call first):
[0.517s]   /opt/ros/humble/share/ament_cmake_core/cmake/core/ament_package_xml.cmake:49 (_ament_package_xml)
[0.517s]   /opt/ros/humble/share/ament_cmake_core/cmake/core/ament_package.cmake:63 (ament_package_xml)
[0.517s]   CMakeLists.txt:15 (ament_package)
[0.517s] 
[0.517s] [0m
[0.517s] -- Configuring incomplete, errors occurred!
[0.517s] See also "/home/kuba/ROS2_Gazebo/build/my_robot_bringup/CMakeFiles/CMakeOutput.log".
[0.520s] Invoked command in '/home/kuba/ROS2_Gazebo/build/my_robot_bringup' returned '1': /usr/bin/cmake /home/kuba/ROS2_Gazebo/src/my_robot_bringup -DCMAKE_INSTALL_PREFIX=/home/kuba/ROS2_Gazebo/install/my_robot_bringup
